Archive member included to satisfy reference by file (symbol)

F:/IMT/Workspace/ARM Install/STM IDE Install/STM32CubeIDE_1.13.2/STM32CubeIDE/plugins/com.st.stm32cube.ide.mcu.externaltools.gnu-tools-for-stm32.11.3.rel1.win32_1.1.1.202309131626/tools/bin/../lib/gcc/arm-none-eabi/11.3.1/../../../../arm-none-eabi/lib/thumb/v7-m/nofp\libc_nano.a(libc_a-exit.o)
                              F:/IMT/Workspace/ARM Install/STM IDE Install/STM32CubeIDE_1.13.2/STM32CubeIDE/plugins/com.st.stm32cube.ide.mcu.externaltools.gnu-tools-for-stm32.11.3.rel1.win32_1.1.1.202309131626/tools/bin/../lib/gcc/arm-none-eabi/11.3.1/../../../../arm-none-eabi/lib/thumb/v7-m/nofp/crt0.o (exit)
F:/IMT/Workspace/ARM Install/STM IDE Install/STM32CubeIDE_1.13.2/STM32CubeIDE/plugins/com.st.stm32cube.ide.mcu.externaltools.gnu-tools-for-stm32.11.3.rel1.win32_1.1.1.202309131626/tools/bin/../lib/gcc/arm-none-eabi/11.3.1/../../../../arm-none-eabi/lib/thumb/v7-m/nofp\libc_nano.a(libc_a-findfp.o)
                              F:/IMT/Workspace/ARM Install/STM IDE Install/STM32CubeIDE_1.13.2/STM32CubeIDE/plugins/com.st.stm32cube.ide.mcu.externaltools.gnu-tools-for-stm32.11.3.rel1.win32_1.1.1.202309131626/tools/bin/../lib/gcc/arm-none-eabi/11.3.1/../../../../arm-none-eabi/lib/thumb/v7-m/nofp\libc_nano.a(libc_a-exit.o) (__stdio_exit_handler)
F:/IMT/Workspace/ARM Install/STM IDE Install/STM32CubeIDE_1.13.2/STM32CubeIDE/plugins/com.st.stm32cube.ide.mcu.externaltools.gnu-tools-for-stm32.11.3.rel1.win32_1.1.1.202309131626/tools/bin/../lib/gcc/arm-none-eabi/11.3.1/../../../../arm-none-eabi/lib/thumb/v7-m/nofp\libc_nano.a(libc_a-fwalk.o)
                              F:/IMT/Workspace/ARM Install/STM IDE Install/STM32CubeIDE_1.13.2/STM32CubeIDE/plugins/com.st.stm32cube.ide.mcu.externaltools.gnu-tools-for-stm32.11.3.rel1.win32_1.1.1.202309131626/tools/bin/../lib/gcc/arm-none-eabi/11.3.1/../../../../arm-none-eabi/lib/thumb/v7-m/nofp\libc_nano.a(libc_a-findfp.o) (_fwalk_sglue)
F:/IMT/Workspace/ARM Install/STM IDE Install/STM32CubeIDE_1.13.2/STM32CubeIDE/plugins/com.st.stm32cube.ide.mcu.externaltools.gnu-tools-for-stm32.11.3.rel1.win32_1.1.1.202309131626/tools/bin/../lib/gcc/arm-none-eabi/11.3.1/../../../../arm-none-eabi/lib/thumb/v7-m/nofp\libc_nano.a(libc_a-stdio.o)
                              F:/IMT/Workspace/ARM Install/STM IDE Install/STM32CubeIDE_1.13.2/STM32CubeIDE/plugins/com.st.stm32cube.ide.mcu.externaltools.gnu-tools-for-stm32.11.3.rel1.win32_1.1.1.202309131626/tools/bin/../lib/gcc/arm-none-eabi/11.3.1/../../../../arm-none-eabi/lib/thumb/v7-m/nofp\libc_nano.a(libc_a-findfp.o) (__sread)
F:/IMT/Workspace/ARM Install/STM IDE Install/STM32CubeIDE_1.13.2/STM32CubeIDE/plugins/com.st.stm32cube.ide.mcu.externaltools.gnu-tools-for-stm32.11.3.rel1.win32_1.1.1.202309131626/tools/bin/../lib/gcc/arm-none-eabi/11.3.1/../../../../arm-none-eabi/lib/thumb/v7-m/nofp\libc_nano.a(libc_a-memset.o)
                              F:/IMT/Workspace/ARM Install/STM IDE Install/STM32CubeIDE_1.13.2/STM32CubeIDE/plugins/com.st.stm32cube.ide.mcu.externaltools.gnu-tools-for-stm32.11.3.rel1.win32_1.1.1.202309131626/tools/bin/../lib/gcc/arm-none-eabi/11.3.1/../../../../arm-none-eabi/lib/thumb/v7-m/nofp/crt0.o (memset)
F:/IMT/Workspace/ARM Install/STM IDE Install/STM32CubeIDE_1.13.2/STM32CubeIDE/plugins/com.st.stm32cube.ide.mcu.externaltools.gnu-tools-for-stm32.11.3.rel1.win32_1.1.1.202309131626/tools/bin/../lib/gcc/arm-none-eabi/11.3.1/../../../../arm-none-eabi/lib/thumb/v7-m/nofp\libc_nano.a(libc_a-closer.o)
                              F:/IMT/Workspace/ARM Install/STM IDE Install/STM32CubeIDE_1.13.2/STM32CubeIDE/plugins/com.st.stm32cube.ide.mcu.externaltools.gnu-tools-for-stm32.11.3.rel1.win32_1.1.1.202309131626/tools/bin/../lib/gcc/arm-none-eabi/11.3.1/../../../../arm-none-eabi/lib/thumb/v7-m/nofp\libc_nano.a(libc_a-stdio.o) (_close_r)
F:/IMT/Workspace/ARM Install/STM IDE Install/STM32CubeIDE_1.13.2/STM32CubeIDE/plugins/com.st.stm32cube.ide.mcu.externaltools.gnu-tools-for-stm32.11.3.rel1.win32_1.1.1.202309131626/tools/bin/../lib/gcc/arm-none-eabi/11.3.1/../../../../arm-none-eabi/lib/thumb/v7-m/nofp\libc_nano.a(libc_a-reent.o)
                              F:/IMT/Workspace/ARM Install/STM IDE Install/STM32CubeIDE_1.13.2/STM32CubeIDE/plugins/com.st.stm32cube.ide.mcu.externaltools.gnu-tools-for-stm32.11.3.rel1.win32_1.1.1.202309131626/tools/bin/../lib/gcc/arm-none-eabi/11.3.1/../../../../arm-none-eabi/lib/thumb/v7-m/nofp\libc_nano.a(libc_a-closer.o) (errno)
F:/IMT/Workspace/ARM Install/STM IDE Install/STM32CubeIDE_1.13.2/STM32CubeIDE/plugins/com.st.stm32cube.ide.mcu.externaltools.gnu-tools-for-stm32.11.3.rel1.win32_1.1.1.202309131626/tools/bin/../lib/gcc/arm-none-eabi/11.3.1/../../../../arm-none-eabi/lib/thumb/v7-m/nofp\libc_nano.a(libc_a-impure.o)
[...]
Memory Configuration

Name             Origin             Length             Attributes
RAM              0x0000000020000000 0x0000000000005000 xrw
FLASH            0x0000000008000000 0x0000000000010000 xr
*default*        0x0000000000000000 0xffffffffffffffff

Linker script and memory map

LOAD F:/IMT/Workspace/ARM Install/STM IDE Install/STM32CubeIDE_1.13.2/STM32CubeIDE/plugins/com.st.stm32cube.ide.mcu.externaltools.gnu-tools-for-stm32.11.3.rel1.win32_1.1.1.202309131626/tools/bin/../lib/gcc/arm-none-eabi/11.3.1/thumb/v7-m/nofp/crti.o
LOAD F:/IMT/Workspace/ARM Install/STM IDE Install/STM32CubeIDE_1.13.2/STM32CubeIDE/plugins/com.st.stm32cube.ide.mcu.externaltools.gnu-tools-for-stm32.11.3.rel1.win32_1.1.1.202309131626/tools/bin/../lib/gcc/arm-none-eabi/11.3.1/thumb/v7-m/nofp/crtbegin.o
LOAD F:/IMT/Workspace/ARM Install/STM IDE Install/STM32CubeIDE_1.13.2/STM32CubeIDE/plugins/com.st.stm32cube.ide.mcu.externaltools.gnu-tools-for-stm32.11.3.rel1.win32_1.1.1.202309131626/tools/bin/../lib/gcc/arm-none-eabi/11.3.1/../../../../arm-none-eabi/lib/thumb/v7-m/nofp/crt0.o
LOAD ./Src/CortexM3/CortexM3_NVIC.o
LOAD ./Src/CortexM3/CortexM3_SCB.o
LOAD ./Src/CortexM3/CortexM3_SysTick.o
LOAD ./Src/MCAL_Drivers/EXTI.o
LOAD ./Src/MCAL_Drivers/STM32F103C8T6_RCC.o
LOAD ./Src/MCAL_Drivers/USART.o
LOAD ./Src/MCAL_Drivers/gpio.o
LOAD ./Src/main.o
LOAD ./Src/syscalls.o
LOAD ./Src/sysmem.o
LOAD ./Startup/startup_stm32f103c8tx.o
START GROUP
LOAD F:/IMT/Workspace/ARM Install/STM IDE Install/STM32CubeIDE_1.13.2/STM32CubeIDE/plugins/com.st.stm32cube.ide.mcu.externaltools.gnu-tools-for-stm32.11.3.rel1.win32_1.1.1.202309131626/tools/bin/../lib/gcc/arm-none-eabi/11.3.1/../../../../arm-none-eabi/lib/thumb/v7-m/nofp\libc_nano.a
LOAD F:/IMT/Workspace/ARM Install/STM IDE Install/STM32CubeIDE_1.13.2/STM32CubeIDE/plugins/com.st.stm32cube.ide.mcu.externaltools.gnu-tools-for-stm32.11.3.rel1.win32_1.1.1.202309131626/tools/bin/../lib/gcc/arm-none-eabi/11.3.1/../../../../arm-none-eabi/lib/thumb/v7-m/nofp\libm.a
END GROUP
START GROUP
LOAD F:/IMT/Workspace/ARM Install/STM IDE Install/STM32CubeIDE_1.13.2/STM32CubeIDE/plugins/com.st.stm32cube.ide.mcu.externaltools.gnu-tools-for-stm32.11.3.rel1.win32_1.1.1.202309131626/tools/bin/../lib/gcc/arm-none-eabi/11.3.1/thumb/v7-m/nofp\libgcc.a
LOAD F:/IMT/Workspace/ARM Install/STM IDE Install/STM32CubeIDE_1.13.2/STM32CubeIDE/plugins/com.st.stm32cube.ide.mcu.externaltools.gnu-tools-for-stm32.11.3.rel1.win32_1.1.1.202309131626/tools/bin/../lib/gcc/arm-none-eabi/11.3.1/../../../../arm-none-eabi/lib/thumb/v7-m/nofp\libc_nano.a
END GROUP
START GROUP
LOAD F:/IMT/Workspace/ARM Install/STM IDE Install/STM32CubeIDE_1.13.2/STM32CubeIDE/plugins/com.st.stm32cube.ide.mcu.externaltools.gnu-tools-for-stm32.11.3.rel1.win32_1.1.1.202309131626/tools/bin/../lib/gcc/arm-none-eabi/11.3.1/thumb/v7-m/nofp\libgcc.a
LOAD F:/IMT/Workspace/ARM Install/STM IDE Install/STM32CubeIDE_1.13.2/STM32CubeIDE/plugins/com.st.stm32cube.ide.mcu.externaltools.gnu-tools-for-stm32.11.3.rel1.win32_1.1.1.202309131626/tools/bin/../lib/gcc/arm-none-eabi/11.3.1/../../../../arm-none-eabi/lib/thumb/v7-m/nofp\libc_nano.a
LOAD F:/IMT/Workspace/ARM Install/STM IDE Install/STM32CubeIDE_1.13.2/STM32CubeIDE/plugins/com.st.stm32cube.ide.mcu.externaltools.gnu-tools-for-stm32.11.3.rel1.win32_1.1.1.202309131626/tools/bin/../lib/gcc/arm-none-eabi/11.3.1/../../../../arm-none-eabi/lib/thumb/v7-m/nofp\libnosys.a
END GROUP
START GROUP
LOAD F:/IMT/Workspace/ARM Install/STM IDE Install/STM32CubeIDE_1.13.2/STM32CubeIDE/plugins/com.st.stm32cube.ide.mcu.externaltools.gnu-tools-for-stm32.11.3.rel1.win32_1.1.1.202309131626/tools/bin/../lib/gcc/arm-none-eabi/11.3.1/thumb/v7-m/nofp\libgcc.a
LOAD F:/IMT/Workspace/ARM Install/STM IDE Install/STM32CubeIDE_1.13.2/STM32CubeIDE/plugins/com.st.stm32cube.ide.mcu.externaltools.gnu-tools-for-stm32.11.3.rel1.win32_1.1.1.202309131626/tools/bin/../lib/gcc/arm-none-eabi/11.3.1/../../../../arm-none-eabi/lib/thumb/v7-m/nofp\libc_nano.a
LOAD F:/IMT/Workspace/ARM Install/STM IDE Install/STM32CubeIDE_1.13.2/STM32CubeIDE/plugins/com.st.stm32cube.ide.mcu.externaltools.gnu-tools-for-stm32.11.3.rel1.win32_1.1.1.202309131626/tools/bin/../lib/gcc/arm-none-eabi/11.3.1/../../../../arm-none-eabi/lib/thumb/v7-m/nofp\libnosys.a
END GROUP
LOAD F:/IMT/Workspace/ARM Install/STM IDE Install/STM32CubeIDE_1.13.2/STM32CubeIDE/plugins/com.st.stm32cube.ide.mcu.externaltools.gnu-tools-for-stm32.11.3.rel1.win32_1.1.1.202309131626/tools/bin/../lib/gcc/arm-none-eabi/11.3.1/thumb/v7-m/nofp/crtend.o
LOAD F:/IMT/Workspace/ARM Install/STM IDE Install/STM32CubeIDE_1.13.2/STM32CubeIDE/plugins/com.st.stm32cube.ide.mcu.externaltools.gnu-tools-for-stm32.11.3.rel1.win32_1.1.1.202309131626/tools/bin/../lib/gcc/arm-none-eabi/11.3.1/thumb/v7-m/nofp/crtn.o
                0x0000000020005000                _estack = (ORIGIN (RAM) + LENGTH (RAM))
                0x0000000000000200                _Min_Heap_Size = 0x200
                0x0000000000000400                _Min_Stack_Size = 0x400

.isr_vector     0x0000000008000000      0x130
                0x0000000008000000                . = ALIGN (0x4)
 *(.isr_vector)
 .isr_vector    0x0000000008000000      0x130 ./Startup/startup_stm32f103c8tx.o
                0x0000000008000000                g_pfnVectors
                0x0000000008000130                . = ALIGN (0x4)

.text           0x0000000008000130      0xbcc
                0x0000000008000130                . = ALIGN (0x4)
 *(.text)
 .text          0x0000000008000130       0x40 F:/IMT/Workspace/ARM Install/STM IDE Install/STM32CubeIDE_1.13.2/STM32CubeIDE/plugins/com.st.stm32cube.ide.mcu.externaltools.gnu-tools-for-stm32.11.3.rel1.win32_1.1.1.202309131626/tools/bin/../lib/gcc/arm-none-eabi/11.3.1/thumb/v7-m/nofp/crtbegin.o
 *(.text*)
 .text.NVIC_EnableIRQ
                0x0000000008000170       0x48 ./Src/CortexM3/CortexM3_NVIC.o
                0x0000000008000170                NVIC_EnableIRQ
 .text.SysTick_Handler
                0x00000000080001b8       0x48 ./Src/CortexM3/CortexM3_SysTick.o
                0x00000000080001b8                SysTick_Handler
 .text.EXTI_EnableIntLine
                0x0000000008000200       0x34 ./Src/MCAL_Drivers/EXTI.o
                0x0000000008000200                EXTI_EnableIntLine
 .text.EXTI_SetEdge
                0x0000000008000234       0xbc ./Src/MCAL_Drivers/EXTI.o
                0x0000000008000234                EXTI_SetEdge
 .text.EXTI_SetMapping
                0x00000000080002f0      0x23c ./Src/MCAL_Drivers/EXTI.o
                0x00000000080002f0                EXTI_SetMapping
 .text.EXTI_SetCallBack
                0x000000000800052c       0x2c ./Src/MCAL_Drivers/EXTI.o
                0x000000000800052c                EXTI_SetCallBack
 .text.EXTI0_IRQHandler
                0x0000000008000558       0x24 ./Src/MCAL_Drivers/EXTI.o
                0x0000000008000558                EXTI0_IRQHandler
 .text.EXTI1_IRQHandler
                0x000000000800057c       0x24 ./Src/MCAL_Drivers/EXTI.o
                0x000000000800057c                EXTI1_IRQHandler
 .text.EXTI2_IRQHandler
                0x00000000080005a0       0x24 ./Src/MCAL_Drivers/EXTI.o
                0x00000000080005a0                EXTI2_IRQHandler
 .text.EXTI3_IRQHandler
                0x00000000080005c4       0x24 ./Src/MCAL_Drivers/EXTI.o
                0x00000000080005c4                EXTI3_IRQHandler
 .text.EXTI4_IRQHandler
                0x00000000080005e8       0x24 ./Src/MCAL_Drivers/EXTI.o
                0x00000000080005e8                EXTI4_IRQHandler
 .text.RCC_EnableHSE
                0x000000000800060c       0x50 ./Src/MCAL_Drivers/STM32F103C8T6_RCC.o
                0x000000000800060c                RCC_EnableHSE
 .text.RCC_EnablePeriphalClk
                0x000000000800065c       0x74 ./Src/MCAL_Drivers/STM32F103C8T6_RCC.o
                0x000000000800065c                RCC_EnablePeriphalClk
 .text.USART_Init
                0x00000000080006d0      0x150 ./Src/MCAL_Drivers/USART.o
                0x00000000080006d0                USART_Init
 .text.USART_TransmitByteSynch
                0x0000000008000820       0xcc ./Src/MCAL_Drivers/USART.o
                0x0000000008000820                USART_TransmitByteSynch
 .text.USART1_IRQHandler
                0x00000000080008ec       0x20 ./Src/MCAL_Drivers/USART.o
                0x00000000080008ec                USART1_IRQHandler
 .text.USART2_IRQHandler
                0x000000000800090c       0x20 ./Src/MCAL_Drivers/USART.o
                0x000000000800090c                USART2_IRQHandler
 .text.USART3_IRQHandler
                0x000000000800092c       0x20 ./Src/MCAL_Drivers/USART.o
                0x000000000800092c                USART3_IRQHandler
 .text.GPIO_Init
                0x000000000800094c      0x224 ./Src/MCAL_Drivers/gpio.o
                0x000000000800094c                GPIO_Init
 .text.main     0x0000000008000b70       0xb8 ./Src/main.o
                0x0000000008000b70                main
 .text.app_one  0x0000000008000c28       0x10 ./Src/main.o
                0x0000000008000c28                app_one
 .text.app_two  0x0000000008000c38       0x10 ./Src/main.o
                0x0000000008000c38                app_two
 .text.Reset_Handler
                0x0000000008000c48       0x50 ./Startup/startup_stm32f103c8tx.o
                0x0000000008000c48                Reset_Handler
 .text.Default_Handler
                0x0000000008000c98        0x2 ./Startup/startup_stm32f103c8tx.o
                0x0000000008000c98                TIM8_TRG_COM_IRQHandler
                0x0000000008000c98                TIM8_CC_IRQHandler
                0x0000000008000c98                DebugMon_Handler
                0x0000000008000c98                TIM1_CC_IRQHandler
                0x0000000008000c98                HardFault_Handler
                0x0000000008000c98                TIM6_IRQHandler
                0x0000000008000c98                PVD_IRQHandler
                0x0000000008000c98                SDIO_IRQHandler
                0x0000000008000c98                PendSV_Handler
                0x0000000008000c98                NMI_Handler
                0x0000000008000c98                USB_HP_CAN_TX_IRQHandler
                0x0000000008000c98                I2C2_EV_IRQHandler
                0x0000000008000c98                UsageFault_Handler
                0x0000000008000c98                ADC1_2_IRQHandler
                0x0000000008000c98                SPI1_IRQHandler
                0x0000000008000c98                CAN_SCE_IRQHandler
                0x0000000008000c98                TAMPER_IRQHandler
                0x0000000008000c98                TIM8_UP_IRQHandler
                0x0000000008000c98                DMA2_Channel2_IRQHandler
                0x0000000008000c98                DMA1_Channel4_IRQHandler
                0x0000000008000c98                RTC_IRQHandler
                0x0000000008000c98                DMA1_Channel7_IRQHandler
                0x0000000008000c98                UART5_IRQHandler
                0x0000000008000c98                ADC3_IRQHandler
                0x0000000008000c98                TIM4_IRQHandler
                0x0000000008000c98                CAN_RX1_IRQHandler
                0x0000000008000c98                DMA2_Channel1_IRQHandler
                0x0000000008000c98                I2C1_EV_IRQHandler
                0x0000000008000c98                DMA1_Channel6_IRQHandler
                0x0000000008000c98                UART4_IRQHandler
                0x0000000008000c98                TIM3_IRQHandler
                0x0000000008000c98                RCC_IRQHandler
                0x0000000008000c98                TIM1_TRG_COM_IRQHandler
                0x0000000008000c98                DMA1_Channel1_IRQHandler
                0x0000000008000c98                Default_Handler
                0x0000000008000c98                EXTI15_10_IRQHandler
                0x0000000008000c98                TIM7_IRQHandler
                0x0000000008000c98                TIM5_IRQHandler
                0x0000000008000c98                EXTI9_5_IRQHandler
                0x0000000008000c98                SPI2_IRQHandler
                0x0000000008000c98                USB_LP_CAN_RX0_IRQHandler
                0x0000000008000c98                MemManage_Handler
                0x0000000008000c98                SVC_Handler
                0x0000000008000c98                DMA1_Channel5_IRQHandler
                0x0000000008000c98                DMA1_Channel3_IRQHandler
                0x0000000008000c98                FSMC_IRQHandler
                0x0000000008000c98                TIM1_UP_IRQHandler
                0x0000000008000c98                WWDG_IRQHandler
                0x0000000008000c98                TIM2_IRQHandler
                0x0000000008000c98                TIM1_BRK_IRQHandler
                0x0000000008000c98                RTCAlarm_IRQHandler
                0x0000000008000c98                DMA2_Channel4_5_IRQHandler
                0x0000000008000c98                I2C2_ER_IRQHandler
                0x0000000008000c98                DMA1_Channel2_IRQHandler
                0x0000000008000c98                TIM8_BRK_IRQHandler
                0x0000000008000c98                FLASH_IRQHandler
                0x0000000008000c98                BusFault_Handler
                0x0000000008000c98                SPI3_IRQHandler
                0x0000000008000c98                I2C1_ER_IRQHandler
                0x0000000008000c98                DMA2_Channel3_IRQHandler
 *fill*         0x0000000008000c9a        0x2 
 .text.__libc_init_array
                0x0000000008000c9c       0x48 F:/IMT/Workspace/ARM Install/STM IDE Install/STM32CubeIDE_1.13.2/STM32CubeIDE/plugins/com.st.stm32cube.ide.mcu.externaltools.gnu-tools-for-stm32.11.3.rel1.win32_1.1.1.202309131626/tools/bin/../lib/gcc/arm-none-eabi/11.3.1/../../../../arm-none-eabi/lib/thumb/v7-m/nofp\libc_nano.a(libc_a-init.o)
                0x0000000008000c9c                __libc_init_array
 *(.glue_7)
 .glue_7        0x0000000008000ce4        0x0 linker stubs
 *(.glue_7t)
 .glue_7t       0x0000000008000ce4        0x0 linker stubs
 *(.eh_frame)
 .eh_frame      0x0000000008000ce4        0x0 F:/IMT/Workspace/ARM Install/STM IDE Install/STM32CubeIDE_1.13.2/STM32CubeIDE/plugins/com.st.stm32cube.ide.mcu.externaltools.gnu-tools-for-stm32.11.3.rel1.win32_1.1.1.202309131626/tools/bin/../lib/gcc/arm-none-eabi/11.3.1/thumb/v7-m/nofp/crtbegin.o
 *(.init)
 .init          0x0000000008000ce4        0x4 F:/IMT/Workspace/ARM Install/STM IDE Install/STM32CubeIDE_1.13.2/STM32CubeIDE/plugins/com.st.stm32cube.ide.mcu.externaltools.gnu-tools-for-stm32.11.3.rel1.win32_1.1.1.202309131626/tools/bin/../lib/gcc/arm-none-eabi/11.3.1/thumb/v7-m/nofp/crti.o
                0x0000000008000ce4                _init
 .init          0x0000000008000ce8        0x8 F:/IMT/Workspace/ARM Install/STM IDE Install/STM32CubeIDE_1.13.2/STM32CubeIDE/plugins/com.st.stm32cube.ide.mcu.externaltools.gnu-tools-for-stm32.11.3.rel1.win32_1.1.1.202309131626/tools/bin/../lib/gcc/arm-none-eabi/11.3.1/thumb/v7-m/nofp/crtn.o
 *(.fini)
 .fini          0x0000000008000cf0        0x4 F:/IMT/Workspace/ARM Install/STM IDE Install/STM32CubeIDE_1.13.2/STM32CubeIDE/plugins/com.st.stm32cube.ide.mcu.externaltools.gnu-tools-for-stm32.11.3.rel1.win32_1.1.1.202309131626/tools/bin/../lib/gcc/arm-none-eabi/11.3.1/thumb/v7-m/nofp/crti.o
                0x0000000008000cf0                _fini
 .fini          0x0000000008000cf4        0x8 F:/IMT/Workspace/ARM Install/STM IDE Install/STM32CubeIDE_1.13.2/STM32CubeIDE/plugins/com.st.stm32cube.ide.mcu.externaltools.gnu-tools-for-stm32.11.3.rel1.win32_1.1.1.202309131626/tools/bin/../lib/gcc/arm-none-eabi/11.3.1/thumb/v7-m/nofp/crtn.o
                0x0000000008000cfc                . = ALIGN (0x4)
                0x0000000008000cfc                _etext = .

.vfp11_veneer   0x0000000008000cfc        0x0
 .vfp11_veneer  0x0000000008000cfc        0x0 linker stubs

.v4_bx          0x0000000008000cfc        0x0
 .v4_bx         0x0000000008000cfc        0x0 linker stubs

.iplt           0x0000000008000cfc        0x0
 .iplt          0x0000000008000cfc        0x0 F:/IMT/Workspace/ARM Install/STM IDE Install/STM32CubeIDE_1.13.2/STM32CubeIDE/plugins/com.st.stm32cube.ide.mcu.externaltools.gnu-tools-for-stm32.11.3.rel1.win32_1.1.1.202309131626/tools/bin/../lib/gcc/arm-none-eabi/11.3.1/thumb/v7-m/nofp/crtbegin.o

.rel.dyn        0x0000000008000cfc        0x0
 .rel.iplt      0x0000000008000cfc        0x0 F:/IMT/Workspace/ARM Install/STM IDE Install/STM32CubeIDE_1.13.2/STM32CubeIDE/plugins/com.st.stm32cube.ide.mcu.externaltools.gnu-tools-for-stm32.11.3.rel1.win32_1.1.1.202309131626/tools/bin/../lib/gcc/arm-none-eabi/11.3.1/thumb/v7-m/nofp/crtbegin.o

.rodata         0x0000000008000cfc        0x0
                0x0000000008000cfc                . = ALIGN (0x4)
 *(.rodata)
 *(.rodata*)
                0x0000000008000cfc                . = ALIGN (0x4)

.ARM.extab      0x0000000008000cfc        0x0
                0x0000000008000cfc                . = ALIGN (0x4)
 *(.ARM.extab* .gnu.linkonce.armextab.*)
                0x0000000008000cfc                . = ALIGN (0x4)

.ARM            0x0000000008000cfc        0x0
                0x0000000008000cfc                . = ALIGN (0x4)
                0x0000000008000cfc                __exidx_start = .
 *(.ARM.exidx*)
                0x0000000008000cfc                __exidx_end = .
                0x0000000008000cfc                . = ALIGN (0x4)

.preinit_array  0x0000000008000cfc        0x0
                0x0000000008000cfc                . = ALIGN (0x4)
                0x0000000008000cfc                PROVIDE (__preinit_array_start = .)
 *(.preinit_array*)
                0x0000000008000cfc                PROVIDE (__preinit_array_end = .)
                0x0000000008000cfc                . = ALIGN (0x4)

.init_array     0x0000000008000cfc        0x4
                0x0000000008000cfc                . = ALIGN (0x4)
                0x0000000008000cfc                PROVIDE (__init_array_start = .)
 *(SORT_BY_NAME(.init_array.*))
 *(.init_array*)
 .init_array    0x0000000008000cfc        0x4 F:/IMT/Workspace/ARM Install/STM IDE Install/STM32CubeIDE_1.13.2/STM32CubeIDE/plugins/com.st.stm32cube.ide.mcu.externaltools.gnu-tools-for-stm32.11.3.rel1.win32_1.1.1.202309131626/tools/bin/../lib/gcc/arm-none-eabi/11.3.1/thumb/v7-m/nofp/crtbegin.o
                0x0000000008000d00                PROVIDE (__init_array_end = .)
                0x0000000008000d00                . = ALIGN (0x4)

.fini_array     0x0000000008000d00        0x4
                0x0000000008000d00                . = ALIGN (0x4)
                [!provide]                        PROVIDE (__fini_array_start = .)
 *(SORT_BY_NAME(.fini_array.*))
 *(.fini_array*)
 .fini_array    0x0000000008000d00        0x4 F:/IMT/Workspace/ARM Install/STM IDE Install/STM32CubeIDE_1.13.2/STM32CubeIDE/plugins/com.st.stm32cube.ide.mcu.externaltools.gnu-tools-for-stm32.11.3.rel1.win32_1.1.1.202309131626/tools/bin/../lib/gcc/arm-none-eabi/11.3.1/thumb/v7-m/nofp/crtbegin.o
                [!provide]                        PROVIDE (__fini_array_end = .)
                0x0000000008000d04                . = ALIGN (0x4)
                0x0000000008000d04                _sidata = LOADADDR (.data)

.data           0x0000000020000000        0x0 load address 0x0000000008000d04
                0x0000000020000000                . = ALIGN (0x4)
                0x0000000020000000                _sdata = .
 *(.data)
 *(.data*)
 *(.RamFunc)
 *(.RamFunc*)
                0x0000000020000000                . = ALIGN (0x4)
                0x0000000020000000                _edata = .

.igot.plt       0x0000000020000000        0x0 load address 0x0000000008000d04
 .igot.plt      0x0000000020000000        0x0 F:/IMT/Workspace/ARM Install/STM IDE Install/STM32CubeIDE_1.13.2/STM32CubeIDE/plugins/com.st.stm32cube.ide.mcu.externaltools.gnu-tools-for-stm32.11.3.rel1.win32_1.1.1.202309131626/tools/bin/../lib/gcc/arm-none-eabi/11.3.1/thumb/v7-m/nofp/crtbegin.o
                0x0000000020000000                . = ALIGN (0x4)

.bss            0x0000000020000000       0x70 load address 0x0000000008000d04
                0x0000000020000000                _sbss = .
                0x0000000020000000                __bss_start__ = _sbss
 *(.bss)
 .bss           0x0000000020000000       0x1c F:/IMT/Workspace/ARM Install/STM IDE Install/STM32CubeIDE_1.13.2/STM32CubeIDE/plugins/com.st.stm32cube.ide.mcu.externaltools.gnu-tools-for-stm32.11.3.rel1.win32_1.1.1.202309131626/tools/bin/../lib/gcc/arm-none-eabi/11.3.1/thumb/v7-m/nofp/crtbegin.o
 *(.bss*)
 .bss.PtrCallBack
                0x000000002000001c        0x4 ./Src/CortexM3/CortexM3_SysTick.o
 .bss.Mode_status
                0x0000000020000020        0x4 ./Src/CortexM3/CortexM3_SysTick.o
                0x0000000020000020                Mode_status
 .bss.Pf_callBack
                0x0000000020000024       0x40 ./Src/MCAL_Drivers/EXTI.o
 .bss.USART1_CallBack
                0x0000000020000064        0x4 ./Src/MCAL_Drivers/USART.o
 .bss.USART2_CallBack
                0x0000000020000068        0x4 ./Src/MCAL_Drivers/USART.o
 .bss.USART3_CallBack
                0x000000002000006c        0x4 ./Src/MCAL_Drivers/USART.o
 *(COMMON)
                0x0000000020000070                . = ALIGN (0x4)
                0x0000000020000070                _ebss = .
                0x0000000020000070                __bss_end__ = _ebss

._user_heap_stack
                0x0000000020000070      0x600 load address 0x0000000008000d04
                0x0000000020000070                . = ALIGN (0x8)
                [!provide]                        PROVIDE (end = .)
                0x0000000020000070                PROVIDE (_end = .)
                0x0000000020000270                . = (. + _Min_Heap_Size)
 *fill*         0x0000000020000070      0x200 
                0x0000000020000670                . = (. + _Min_Stack_Size)
 *fill*         0x0000000020000270      0x400 
                0x0000000020000670                . = ALIGN (0x8)

/DISCARD/
 libc.a(*)
 libm.a(*)
 libgcc.a(*)

.ARM.attributes
                0x0000000000000000       0x29
 *(.ARM.attributes)
 .ARM.attributes
                0x0000000000000000       0x1d F:/IMT/Workspace/ARM Install/STM IDE Install/STM32CubeIDE_1.13.2/STM32CubeIDE/plugins/com.st.stm32cube.ide.mcu.externaltools.gnu-tools-for-stm32.11.3.rel1.win32_1.1.1.202309131626/tools/bin/../lib/gcc/arm-none-eabi/11.3.1/thumb/v7-m/nofp/crti.o
 .ARM.attributes
                0x000000000000001d       0x2d F:/IMT/Workspace/ARM Install/STM IDE Install/STM32CubeIDE_1.13.2/STM32CubeIDE/plugins/com.st.stm32cube.ide.mcu.externaltools.gnu-tools-for-stm32.11.3.rel1.win32_1.1.1.202309131626/tools/bin/../lib/gcc/arm-none-eabi/11.3.1/thumb/v7-m/nofp/crtbegin.o
 .ARM.attributes
                0x000000000000004a       0x2d ./Src/CortexM3/CortexM3_NVIC.o
 .ARM.attributes
                0x0000000000000077       0x2d ./Src/CortexM3/CortexM3_SysTick.o
 .ARM.attributes
                0x00000000000000a4       0x2d ./Src/MCAL_Drivers/EXTI.o
 .ARM.attributes
                0x00000000000000d1       0x2d ./Src/MCAL_Drivers/STM32F103C8T6_RCC.o
 .ARM.attributes
                0x00000000000000fe       0x2d ./Src/MCAL_Drivers/USART.o
 .ARM.attributes
                0x000000000000012b       0x2d ./Src/MCAL_Drivers/gpio.o
 .ARM.attributes
                0x0000000000000158       0x2d ./Src/main.o
 .ARM.attributes
                0x0000000000000185       0x21 ./Startup/startup_stm32f103c8tx.o
 .ARM.attributes
                0x00000000000001a6       0x2d F:/IMT/Workspace/ARM Install/STM IDE Install/STM32CubeIDE_1.13.2/STM32CubeIDE/plugins/com.st.stm32cube.ide.mcu.externaltools.gnu-tools-for-stm32.11.3.rel1.win32_1.1.1.202309131626/tools/bin/../lib/gcc/arm-none-eabi/11.3.1/../../../../arm-none-eabi/lib/thumb/v7-m/nofp\libc_nano.a(libc_a-init.o)
 .ARM.attributes
                0x00000000000001d3       0x1d F:/IMT/Workspace/ARM Install/STM IDE Install/STM32CubeIDE_1.13.2/STM32CubeIDE/plugins/com.st.stm32cube.ide.mcu.externaltools.gnu-tools-for-stm32.11.3.rel1.win32_1.1.1.202309131626/tools/bin/../lib/gcc/arm-none-eabi/11.3.1/thumb/v7-m/nofp/crtn.o
OUTPUT(Communication_Car_Master.elf elf32-littlearm)
LOAD linker stubs
LOAD F:/IMT/Workspace/ARM Install/STM IDE Install/STM32CubeIDE_1.13.2/STM32CubeIDE/plugins/com.st.stm32cube.ide.mcu.externaltools.gnu-tools-for-stm32.11.3.rel1.win32_1.1.1.202309131626/tools/bin/../lib/gcc/arm-none-eabi/11.3.1/../../../../arm-none-eabi/lib/thumb/v7-m/nofp\libc.a
LOAD F:/IMT/Workspace/ARM Install/STM IDE Install/STM32CubeIDE_1.13.2/STM32CubeIDE/plugins/com.st.stm32cube.ide.mcu.externaltools.gnu-tools-for-stm32.11.3.rel1.win32_1.1.1.202309131626/tools/bin/../lib/gcc/arm-none-eabi/11.3.1/../../../../arm-none-eabi/lib/thumb/v7-m/nofp\libm.a
LOAD F:/IMT/Workspace/ARM Install/STM IDE Install/STM32CubeIDE_1.13.2/STM32CubeIDE/plugins/com.st.stm32cube.ide.mcu.externaltools.gnu-tools-for-stm32.11.3.rel1.win32_1.1.1.202309131626/tools/bin/../lib/gcc/arm-none-eabi/11.3.1/thumb/v7-m/nofp\libgcc.a

.comment        0x0000000000000000       0x43
 .comment       0x0000000000000000       0x43 F:/IMT/Workspace/ARM Install/STM IDE Install/STM32CubeIDE_1.13.2/STM32CubeIDE/plugins/com.st.stm32cube.ide.mcu.externaltools.gnu-tools-for-stm32.11.3.rel1.win32_1.1.1.202309131626/tools/bin/../lib/gcc/arm-none-eabi/11.3.1/thumb/v7-m/nofp/crtbegin.o
                                         0x44 (size before relaxing)
 .comment       0x0000000000000043       0x44 ./Src/CortexM3/CortexM3_NVIC.o
 .comment       0x0000000000000043       0x44 ./Src/CortexM3/CortexM3_SysTick.o
 .comment       0x0000000000000043       0x44 ./Src/MCAL_Drivers/EXTI.o
 .comment       0x0000000000000043       0x44 ./Src/MCAL_Drivers/STM32F103C8T6_RCC.o
 .comment       0x0000000000000043       0x44 ./Src/MCAL_Drivers/USART.o
 .comment       0x0000000000000043       0x44 ./Src/MCAL_Drivers/gpio.o
 .comment       0x0000000000000043       0x44 ./Src/main.o

.debug_info     0x0000000000000000     0x1589
 .debug_info    0x0000000000000000      0x44b ./Src/CortexM3/CortexM3_NVIC.o
 .debug_info    0x000000000000044b      0x186 ./Src/CortexM3/CortexM3_SysTick.o
 .debug_info    0x00000000000005d1      0x33d ./Src/MCAL_Drivers/EXTI.o
 .debug_info    0x000000000000090e      0x27a ./Src/MCAL_Drivers/STM32F103C8T6_RCC.o
 .debug_info    0x0000000000000b88      0x380 ./Src/MCAL_Drivers/USART.o
 .debug_info    0x0000000000000f08      0x23e ./Src/MCAL_Drivers/gpio.o
 .debug_info    0x0000000000001146      0x420 ./Src/main.o
 .debug_info    0x0000000000001566       0x23 ./Startup/startup_stm32f103c8tx.o

.debug_abbrev   0x0000000000000000      0x854
 .debug_abbrev  0x0000000000000000      0x135 ./Src/CortexM3/CortexM3_NVIC.o
 .debug_abbrev  0x0000000000000135      0x11d ./Src/CortexM3/CortexM3_SysTick.o
 .debug_abbrev  0x0000000000000252      0x136 ./Src/MCAL_Drivers/EXTI.o
 .debug_abbrev  0x0000000000000388       0xf8 ./Src/MCAL_Drivers/STM32F103C8T6_RCC.o
 .debug_abbrev  0x0000000000000480      0x1f4 ./Src/MCAL_Drivers/USART.o
 .debug_abbrev  0x0000000000000674       0xf6 ./Src/MCAL_Drivers/gpio.o
 .debug_abbrev  0x000000000000076a       0xd8 ./Src/main.o
 .debug_abbrev  0x0000000000000842       0x12 ./Startup/startup_stm32f103c8tx.o

.debug_aranges  0x0000000000000000      0x290
 .debug_aranges
                0x0000000000000000       0x50 ./Src/CortexM3/CortexM3_NVIC.o
 .debug_aranges
                0x0000000000000050       0x48 ./Src/CortexM3/CortexM3_SysTick.o
 .debug_aranges
                0x0000000000000098       0x70 ./Src/MCAL_Drivers/EXTI.o
 .debug_aranges
                0x0000000000000108       0x68 ./Src/MCAL_Drivers/STM32F103C8T6_RCC.o
 .debug_aranges
                0x0000000000000170       0x88 ./Src/MCAL_Drivers/USART.o
 .debug_aranges
                0x00000000000001f8       0x40 ./Src/MCAL_Drivers/gpio.o
 .debug_aranges
                0x0000000000000238       0x30 ./Src/main.o
 .debug_aranges
                0x0000000000000268       0x28 ./Startup/startup_stm32f103c8tx.o

.debug_rnglists
                0x0000000000000000      0x1d2
 .debug_rnglists
                0x0000000000000000       0x37 ./Src/CortexM3/CortexM3_NVIC.o
 .debug_rnglists
                0x0000000000000037       0x31 ./Src/CortexM3/CortexM3_SysTick.o
 .debug_rnglists
                0x0000000000000068       0x51 ./Src/MCAL_Drivers/EXTI.o
 .debug_rnglists
                0x00000000000000b9       0x4a ./Src/MCAL_Drivers/STM32F103C8T6_RCC.o
 .debug_rnglists
                0x0000000000000103       0x67 ./Src/MCAL_Drivers/USART.o
 .debug_rnglists
                0x000000000000016a       0x2f ./Src/MCAL_Drivers/gpio.o
 .debug_rnglists
                0x0000000000000199       0x20 ./Src/main.o
 .debug_rnglists
                0x00000000000001b9       0x19 ./Startup/startup_stm32f103c8tx.o

.debug_macro    0x0000000000000000     0x1294
 .debug_macro   0x0000000000000000       0x32 ./Src/CortexM3/CortexM3_NVIC.o
 .debug_macro   0x0000000000000032      0xaa2 ./Src/CortexM3/CortexM3_NVIC.o
 .debug_macro   0x0000000000000ad4       0x10 ./Src/CortexM3/CortexM3_NVIC.o
 .debug_macro   0x0000000000000ae4       0x34 ./Src/CortexM3/CortexM3_NVIC.o
 .debug_macro   0x0000000000000b18       0x16 ./Src/CortexM3/CortexM3_NVIC.o
 .debug_macro   0x0000000000000b2e       0x32 ./Src/CortexM3/CortexM3_SysTick.o
 .debug_macro   0x0000000000000b60       0x9a ./Src/CortexM3/CortexM3_SysTick.o
 .debug_macro   0x0000000000000bfa       0x32 ./Src/MCAL_Drivers/EXTI.o
 .debug_macro   0x0000000000000c2c       0x1c ./Src/MCAL_Drivers/EXTI.o
 .debug_macro   0x0000000000000c48       0x32 ./Src/MCAL_Drivers/STM32F103C8T6_RCC.o
 .debug_macro   0x0000000000000c7a      0x100 ./Src/MCAL_Drivers/STM32F103C8T6_RCC.o
 .debug_macro   0x0000000000000d7a       0x2c ./Src/MCAL_Drivers/USART.o
 .debug_macro   0x0000000000000da6       0x7c ./Src/MCAL_Drivers/USART.o
 .debug_macro   0x0000000000000e22       0x32 ./Src/MCAL_Drivers/gpio.o
 .debug_macro   0x0000000000000e54       0xee ./Src/MCAL_Drivers/gpio.o
 .debug_macro   0x0000000000000f42       0x68 ./Src/main.o
 .debug_macro   0x0000000000000faa       0x2e ./Src/main.o
 .debug_macro   0x0000000000000fd8       0xa0 ./Src/main.o
 .debug_macro   0x0000000000001078       0x22 ./Src/main.o
 .debug_macro   0x000000000000109a       0xf4 ./Src/main.o
 .debug_macro   0x000000000000118e      0x106 ./Src/main.o

.debug_line     0x0000000000000000     0x10ff
 .debug_line    0x0000000000000000      0x1a0 ./Src/CortexM3/CortexM3_NVIC.o
 .debug_line    0x00000000000001a0      0x188 ./Src/CortexM3/CortexM3_SysTick.o
 .debug_line    0x0000000000000328      0x29f ./Src/MCAL_Drivers/EXTI.o
 .debug_line    0x00000000000005c7      0x21a ./Src/MCAL_Drivers/STM32F103C8T6_RCC.o
 .debug_line    0x00000000000007e1      0x4a5 ./Src/MCAL_Drivers/USART.o
 .debug_line    0x0000000000000c86      0x2b1 ./Src/MCAL_Drivers/gpio.o
 .debug_line    0x0000000000000f37      0x14d ./Src/main.o
 .debug_line    0x0000000000001084       0x7b ./Startup/startup_stm32f103c8tx.o

.debug_str      0x0000000000000000     0x495b
 .debug_str     0x0000000000000000     0x3331 ./Src/CortexM3/CortexM3_NVIC.o
                                       0x3382 (size before relaxing)
 .debug_str     0x0000000000003331      0x4d9 ./Src/CortexM3/CortexM3_SysTick.o
                                       0x33e5 (size before relaxing)
 .debug_str     0x000000000000380a      0x2f9 ./Src/MCAL_Drivers/EXTI.o
                                       0x3219 (size before relaxing)
 .debug_str     0x0000000000003b03      0x5d9 ./Src/MCAL_Drivers/STM32F103C8T6_RCC.o
                                       0x34e7 (size before relaxing)
 .debug_str     0x00000000000040dc      0x3af ./Src/MCAL_Drivers/USART.o
                                       0x32c2 (size before relaxing)
 .debug_str     0x000000000000448b      0x339 ./Src/MCAL_Drivers/gpio.o
                                       0x3251 (size before relaxing)
 .debug_str     0x00000000000047c4      0x168 ./Src/main.o
                                       0x42e3 (size before relaxing)
 .debug_str     0x000000000000492c       0x2f ./Startup/startup_stm32f103c8tx.o
                                         0x71 (size before relaxing)

.debug_frame    0x0000000000000000      0x8a4
 .debug_frame   0x0000000000000000      0x128 ./Src/CortexM3/CortexM3_NVIC.o
 .debug_frame   0x0000000000000128       0xe0 ./Src/CortexM3/CortexM3_SysTick.o
 .debug_frame   0x0000000000000208      0x18c ./Src/MCAL_Drivers/EXTI.o
 .debug_frame   0x0000000000000394      0x190 ./Src/MCAL_Drivers/STM32F103C8T6_RCC.o
 .debug_frame   0x0000000000000524      0x214 ./Src/MCAL_Drivers/USART.o
 .debug_frame   0x0000000000000738       0xdc ./Src/MCAL_Drivers/gpio.o
 .debug_frame   0x0000000000000814       0x64 ./Src/main.o
 .debug_frame   0x0000000000000878       0x2c F:/IMT/Workspace/ARM Install/STM IDE Install/STM32CubeIDE_1.13.2/STM32CubeIDE/plugins/com.st.stm32cube.ide.mcu.externaltools.gnu-tools-for-stm32.11.3.rel1.win32_1.1.1.202309131626/tools/bin/../lib/gcc/arm-none-eabi/11.3.1/../../../../arm-none-eabi/lib/thumb/v7-m/nofp\libc_nano.a(libc_a-init.o)

.debug_line_str
                0x0000000000000000       0x65
 .debug_line_str
                0x0000000000000000       0x65 ./Startup/startup_stm32f103c8tx.o
                                         0x7d (size before relaxing)
