../Src/MCAL_Drivers/USART.c:25:6:USART_Init	16	static
../Src/MCAL_Drivers/USART.c:137:6:USART_TransmitByteSynch	16	static
../Src/MCAL_Drivers/USART.c:177:6:USART_TransmitStringSynch	16	static
../Src/MCAL_Drivers/USART.c:197:9:USART_RecieveByteSynch	24	static
../Src/MCAL_Drivers/USART.c:216:6:USART_RecieveStringSynch	32	static
../Src/MCAL_Drivers/USART.c:237:6:USART_TransmitByteAsynch	16	static
../Src/MCAL_Drivers/USART.c:283:6:USART_TransmitStringAsynch	16	static
../Src/MCAL_Drivers/USART.c:303:9:USART_RecieveByteAsynch	24	static
../Src/MCAL_Drivers/USART.c:326:6:USASRT1_SetCallBack	16	static
../Src/MCAL_Drivers/USART.c:331:6:USASRT2_SetCallBack	16	static
../Src/MCAL_Drivers/USART.c:336:6:USASRT3_SetCallBack	16	static
../Src/MCAL_Drivers/USART.c:342:6:USART1_IRQHandler	8	static
../Src/MCAL_Drivers/USART.c:349:6:USART2_IRQHandler	8	static
../Src/MCAL_Drivers/USART.c:357:6:USART3_IRQHandler	8	static
