Archive member included to satisfy reference by file (symbol)

F:/IMT/Workspace/ARM Install/STM IDE Install/STM32CubeIDE_1.13.2/STM32CubeIDE/plugins/com.st.stm32cube.ide.mcu.externaltools.gnu-tools-for-stm32.11.3.rel1.win32_1.1.1.202309131626/tools/bin/../lib/gcc/arm-none-eabi/11.3.1/../../../../arm-none-eabi/lib/thumb/v7-m/nofp\libc_nano.a(libc_a-exit.o)
                              F:/IMT/Workspace/ARM Install/STM IDE Install/STM32CubeIDE_1.13.2/STM32CubeIDE/plugins/com.st.stm32cube.ide.mcu.externaltools.gnu-tools-for-stm32.11.3.rel1.win32_1.1.1.202309131626/tools/bin/../lib/gcc/arm-none-eabi/11.3.1/../../../../arm-none-eabi/lib/thumb/v7-m/nofp/crt0.o (exit)
F:/IMT/Workspace/ARM Install/STM IDE Install/STM32CubeIDE_1.13.2/STM32CubeIDE/plugins/com.st.stm32cube.ide.mcu.externaltools.gnu-tools-for-stm32.11.3.rel1.win32_1.1.1.202309131626/tools/bin/../lib/gcc/arm-none-eabi/11.3.1/../../../../arm-none-eabi/lib/thumb/v7-m/nofp\libc_nano.a(libc_a-findfp.o)
                              F:/IMT/Workspace/ARM Install/STM IDE Install/STM32CubeIDE_1.13.2/STM32CubeIDE/plugins/com.st.stm32cube.ide.mcu.externaltools.gnu-tools-for-stm32.11.3.rel1.win32_1.1.1.202309131626/tools/bin/../lib/gcc/arm-none-eabi/11.3.1/../../../../arm-none-eabi/lib/thumb/v7-m/nofp\libc_nano.a(libc_a-exit.o) (__stdio_exit_handler)
F:/IMT/Workspace/ARM Install/STM IDE Install/STM32CubeIDE_1.13.2/STM32CubeIDE/plugins/com.st.stm32cube.ide.mcu.externaltools.gnu-tools-for-stm32.11.3.rel1.win32_1.1.1.202309131626/tools/bin/../lib/gcc/arm-none-eabi/11.3.1/../../../../arm-none-eabi/lib/thumb/v7-m/nofp\libc_nano.a(libc_a-fwalk.o)
                              F:/IMT/Workspace/ARM Install/STM IDE Install/STM32CubeIDE_1.13.2/STM32CubeIDE/plugins/com.st.stm32cube.ide.mcu.externaltools.gnu-tools-for-stm32.11.3.rel1.win32_1.1.1.202309131626/tools/bin/../lib/gcc/arm-none-eabi/11.3.1/../../../../arm-none-eabi/lib/thumb/v7-m/nofp\libc_nano.a(libc_a-findfp.o) (_fwalk_sglue)
F:/IMT/Workspace/ARM Install/STM IDE Install/STM32CubeIDE_1.13.2/STM32CubeIDE/plugins/com.st.stm32cube.ide.mcu.externaltools.gnu-tools-for-stm32.11.3.rel1.win32_1.1.1.202309131626/tools/bin/../lib/gcc/arm-none-eabi/11.3.1/../../../../arm-none-eabi/lib/thumb/v7-m/nofp\libc_nano.a(libc_a-stdio.o)
                              F:/IMT/Workspace/ARM Install/STM IDE Install/STM32CubeIDE_1.13.2/STM32CubeIDE/plugins/com.st.stm32cube.ide.mcu.externaltools.gnu-tools-for-stm32.11.3.rel1.win32_1.1.1.202309131626/tools/bin/../lib/gcc/arm-none-eabi/11.3.1/../../../../arm-none-eabi/lib/thumb/v7-m/nofp\libc_nano.a(libc_a-findfp.o) (__sread)
F:/IMT/Workspace/ARM Install/STM IDE Install/STM32CubeIDE_1.13.2/STM32CubeIDE/plugins/com.st.stm32cube.ide.mcu.externaltools.gnu-tools-for-stm32.11.3.rel1.win32_1.1.1.202309131626/tools/bin/../lib/gcc/arm-none-eabi/11.3.1/../../../../arm-none-eabi/lib/thumb/v7-m/nofp\libc_nano.a(libc_a-memset.o)
                              F:/IMT/Workspace/ARM Install/STM IDE Install/STM32CubeIDE_1.13.2/STM32CubeIDE/plugins/com.st.stm32cube.ide.mcu.externaltools.gnu-tools-for-stm32.11.3.rel1.win32_1.1.1.202309131626/tools/bin/../lib/gcc/arm-none-eabi/11.3.1/../../../../arm-none-eabi/lib/thumb/v7-m/nofp/crt0.o (memset)
F:/IMT/Workspace/ARM Install/STM IDE Install/STM32CubeIDE_1.13.2/STM32CubeIDE/plugins/com.st.stm32cube.ide.mcu.externaltools.gnu-tools-for-stm32.11.3.rel1.win32_1.1.1.202309131626/tools/bin/../lib/gcc/arm-none-eabi/11.3.1/../../../../arm-none-eabi/lib/thumb/v7-m/nofp\libc_nano.a(libc_a-closer.o)
                              F:/IMT/Workspace/ARM Install/STM IDE Install/STM32CubeIDE_1.13.2/STM32CubeIDE/plugins/com.st.stm32cube.ide.mcu.externaltools.gnu-tools-for-stm32.11.3.rel1.win32_1.1.1.202309131626/tools/bin/../lib/gcc/arm-none-eabi/11.3.1/../../../../arm-none-eabi/lib/thumb/v7-m/nofp\libc_nano.a(libc_a-stdio.o) (_close_r)
F:/IMT/Workspace/ARM Install/STM IDE Install/STM32CubeIDE_1.13.2/STM32CubeIDE/plugins/com.st.stm32cube.ide.mcu.externaltools.gnu-tools-for-stm32.11.3.rel1.win32_1.1.1.202309131626/tools/bin/../lib/gcc/arm-none-eabi/11.3.1/../../../../arm-none-eabi/lib/thumb/v7-m/nofp\libc_nano.a(libc_a-reent.o)
                              F:/IMT/Workspace/ARM Install/STM IDE Install/STM32CubeIDE_1.13.2/STM32CubeIDE/plugins/com.st.stm32cube.ide.mcu.externaltools.gnu-tools-for-stm32.11.3.rel1.win32_1.1.1.202309131626/tools/bin/../lib/gcc/arm-none-eabi/11.3.1/../../../../arm-none-eabi/lib/thumb/v7-m/nofp\libc_nano.a(libc_a-closer.o) (errno)
F:/IMT/Workspace/ARM Install/STM IDE Install/STM32CubeIDE_1.13.2/STM32CubeIDE/plugins/com.st.stm32cube.ide.mcu.externaltools.gnu-tools-for-stm32.11.3.rel1.win32_1.1.1.202309131626/tools/bin/../lib/gcc/arm-none-eabi/11.3.1/../../../../arm-none-eabi/lib/thumb/v7-m/nofp\libc_nano.a(libc_a-impure.o)
[...]
Memory Configuration

Name             Origin             Length             Attributes
RAM              0x0000000020000000 0x0000000000005000 xrw
FLASH            0x0000000008000000 0x0000000000010000 xr
*default*        0x0000000000000000 0xffffffffffffffff

Linker script and memory map

LOAD F:/IMT/Workspace/ARM Install/STM IDE Install/STM32CubeIDE_1.13.2/STM32CubeIDE/plugins/com.st.stm32cube.ide.mcu.externaltools.gnu-tools-for-stm32.11.3.rel1.win32_1.1.1.202309131626/tools/bin/../lib/gcc/arm-none-eabi/11.3.1/thumb/v7-m/nofp/crti.o
LOAD F:/IMT/Workspace/ARM Install/STM IDE Install/STM32CubeIDE_1.13.2/STM32CubeIDE/plugins/com.st.stm32cube.ide.mcu.externaltools.gnu-tools-for-stm32.11.3.rel1.win32_1.1.1.202309131626/tools/bin/../lib/gcc/arm-none-eabi/11.3.1/thumb/v7-m/nofp/crtbegin.o
LOAD F:/IMT/Workspace/ARM Install/STM IDE Install/STM32CubeIDE_1.13.2/STM32CubeIDE/plugins/com.st.stm32cube.ide.mcu.externaltools.gnu-tools-for-stm32.11.3.rel1.win32_1.1.1.202309131626/tools/bin/../lib/gcc/arm-none-eabi/11.3.1/../../../../arm-none-eabi/lib/thumb/v7-m/nofp/crt0.o
LOAD ./Src/CortexM3/CortexM3_NVIC.o
LOAD ./Src/CortexM3/CortexM3_SCB.o
LOAD ./Src/CortexM3/CortexM3_SysTick.o
LOAD ./Src/MCAL_Drivers/EXTI.o
LOAD ./Src/MCAL_Drivers/STM32F103C8T6_RCC.o
LOAD ./Src/MCAL_Drivers/USART.o
LOAD ./Src/MCAL_Drivers/gpio.o
LOAD ./Src/main.o
LOAD ./Src/syscalls.o
LOAD ./Src/sysmem.o
LOAD ./Startup/startup_stm32f103c8tx.o
START GROUP
LOAD F:/IMT/Workspace/ARM Install/STM IDE Install/STM32CubeIDE_1.13.2/STM32CubeIDE/plugins/com.st.stm32cube.ide.mcu.externaltools.gnu-tools-for-stm32.11.3.rel1.win32_1.1.1.202309131626/tools/bin/../lib/gcc/arm-none-eabi/11.3.1/../../../../arm-none-eabi/lib/thumb/v7-m/nofp\libc_nano.a
LOAD F:/IMT/Workspace/ARM Install/STM IDE Install/STM32CubeIDE_1.13.2/STM32CubeIDE/plugins/com.st.stm32cube.ide.mcu.externaltools.gnu-tools-for-stm32.11.3.rel1.win32_1.1.1.202309131626/tools/bin/../lib/gcc/arm-none-eabi/11.3.1/../../../../arm-none-eabi/lib/thumb/v7-m/nofp\libm.a
END GROUP
START GROUP
LOAD F:/IMT/Workspace/ARM Install/STM IDE Install/STM32CubeIDE_1.13.2/STM32CubeIDE/plugins/com.st.stm32cube.ide.mcu.externaltools.gnu-tools-for-stm32.11.3.rel1.win32_1.1.1.202309131626/tools/bin/../lib/gcc/arm-none-eabi/11.3.1/thumb/v7-m/nofp\libgcc.a
LOAD F:/IMT/Workspace/ARM Install/STM IDE Install/STM32CubeIDE_1.13.2/STM32CubeIDE/plugins/com.st.stm32cube.ide.mcu.externaltools.gnu-tools-for-stm32.11.3.rel1.win32_1.1.1.202309131626/tools/bin/../lib/gcc/arm-none-eabi/11.3.1/../../../../arm-none-eabi/lib/thumb/v7-m/nofp\libc_nano.a
END GROUP
START GROUP
LOAD F:/IMT/Workspace/ARM Install/STM IDE Install/STM32CubeIDE_1.13.2/STM32CubeIDE/plugins/com.st.stm32cube.ide.mcu.externaltools.gnu-tools-for-stm32.11.3.rel1.win32_1.1.1.202309131626/tools/bin/../lib/gcc/arm-none-eabi/11.3.1/thumb/v7-m/nofp\libgcc.a
LOAD F:/IMT/Workspace/ARM Install/STM IDE Install/STM32CubeIDE_1.13.2/STM32CubeIDE/plugins/com.st.stm32cube.ide.mcu.externaltools.gnu-tools-for-stm32.11.3.rel1.win32_1.1.1.202309131626/tools/bin/../lib/gcc/arm-none-eabi/11.3.1/../../../../arm-none-eabi/lib/thumb/v7-m/nofp\libc_nano.a
LOAD F:/IMT/Workspace/ARM Install/STM IDE Install/STM32CubeIDE_1.13.2/STM32CubeIDE/plugins/com.st.stm32cube.ide.mcu.externaltools.gnu-tools-for-stm32.11.3.rel1.win32_1.1.1.202309131626/tools/bin/../lib/gcc/arm-none-eabi/11.3.1/../../../../arm-none-eabi/lib/thumb/v7-m/nofp\libnosys.a
END GROUP
START GROUP
LOAD F:/IMT/Workspace/ARM Install/STM IDE Install/STM32CubeIDE_1.13.2/STM32CubeIDE/plugins/com.st.stm32cube.ide.mcu.externaltools.gnu-tools-for-stm32.11.3.rel1.win32_1.1.1.202309131626/tools/bin/../lib/gcc/arm-none-eabi/11.3.1/thumb/v7-m/nofp\libgcc.a
LOAD F:/IMT/Workspace/ARM Install/STM IDE Install/STM32CubeIDE_1.13.2/STM32CubeIDE/plugins/com.st.stm32cube.ide.mcu.externaltools.gnu-tools-for-stm32.11.3.rel1.win32_1.1.1.202309131626/tools/bin/../lib/gcc/arm-none-eabi/11.3.1/../../../../arm-none-eabi/lib/thumb/v7-m/nofp\libc_nano.a
LOAD F:/IMT/Workspace/ARM Install/STM IDE Install/STM32CubeIDE_1.13.2/STM32CubeIDE/plugins/com.st.stm32cube.ide.mcu.externaltools.gnu-tools-for-stm32.11.3.rel1.win32_1.1.1.202309131626/tools/bin/../lib/gcc/arm-none-eabi/11.3.1/../../../../arm-none-eabi/lib/thumb/v7-m/nofp\libnosys.a
END GROUP
LOAD F:/IMT/Workspace/ARM Install/STM IDE Install/STM32CubeIDE_1.13.2/STM32CubeIDE/plugins/com.st.stm32cube.ide.mcu.externaltools.gnu-tools-for-stm32.11.3.rel1.win32_1.1.1.202309131626/tools/bin/../lib/gcc/arm-none-eabi/11.3.1/thumb/v7-m/nofp/crtend.o
LOAD F:/IMT/Workspace/ARM Install/STM IDE Install/STM32CubeIDE_1.13.2/STM32CubeIDE/plugins/com.st.stm32cube.ide.mcu.externaltools.gnu-tools-for-stm32.11.3.rel1.win32_1.1.1.202309131626/tools/bin/../lib/gcc/arm-none-eabi/11.3.1/thumb/v7-m/nofp/crtn.o
                0x0000000020005000                _estack = (ORIGIN (RAM) + LENGTH (RAM))
                0x0000000000000200                _Min_Heap_Size = 0x200
                0x0000000000000400                _Min_Stack_Size = 0x400

.isr_vector     0x0000000008000000      0x130
                0x0000000008000000                . = ALIGN (0x4)
 *(.isr_vector)
 .isr_vector    0x0000000008000000      0x130 ./Startup/startup_stm32f103c8tx.o
                0x0000000008000000                g_pfnVectors
                0x0000000008000130                . = ALIGN (0x4)

.text           0x0000000008000130      0x910
                0x0000000008000130                . = ALIGN (0x4)
 *(.text)
 .text          0x0000000008000130       0x40 F:/IMT/Workspace/ARM Install/STM IDE Install/STM32CubeIDE_1.13.2/STM32CubeIDE/plugins/com.st.stm32cube.ide.mcu.externaltools.gnu-tools-for-stm32.11.3.rel1.win32_1.1.1.202309131626/tools/bin/../lib/gcc/arm-none-eabi/11.3.1/thumb/v7-m/nofp/crtbegin.o
 *(.text*)
 .text.SysTick_Init
                0x0000000008000170       0x3c ./Src/CortexM3/CortexM3_SysTick.o
                0x0000000008000170                SysTick_Init
 .text.SysTick_WaitBlocking
                0x00000000080001ac       0x58 ./Src/CortexM3/CortexM3_SysTick.o
                0x00000000080001ac                SysTick_WaitBlocking
 .text.SysTick_Handler
                0x0000000008000204       0x48 ./Src/CortexM3/CortexM3_SysTick.o
                0x0000000008000204                SysTick_Handler
 .text.EXTI0_IRQHandler
                0x000000000800024c       0x24 ./Src/MCAL_Drivers/EXTI.o
                0x000000000800024c                EXTI0_IRQHandler
 .text.EXTI1_IRQHandler
                0x0000000008000270       0x24 ./Src/MCAL_Drivers/EXTI.o
                0x0000000008000270                EXTI1_IRQHandler
 .text.EXTI2_IRQHandler
                0x0000000008000294       0x24 ./Src/MCAL_Drivers/EXTI.o
                0x0000000008000294                EXTI2_IRQHandler
 .text.EXTI3_IRQHandler
                0x00000000080002b8       0x24 ./Src/MCAL_Drivers/EXTI.o
                0x00000000080002b8                EXTI3_IRQHandler
 .text.EXTI4_IRQHandler
                0x00000000080002dc       0x24 ./Src/MCAL_Drivers/EXTI.o
                0x00000000080002dc                EXTI4_IRQHandler
 .text.RCC_EnableHSE
                0x0000000008000300       0x50 ./Src/MCAL_Drivers/STM32F103C8T6_RCC.o
                0x0000000008000300                RCC_EnableHSE
 .text.RCC_EnablePeriphalClk
                0x0000000008000350       0x74 ./Src/MCAL_Drivers/STM32F103C8T6_RCC.o
                0x0000000008000350                RCC_EnablePeriphalClk
 .text.USART_Init
                0x00000000080003c4      0x150 ./Src/MCAL_Drivers/USART.o
                0x00000000080003c4                USART_Init
 .text.USART_RecieveByteSynch
                0x0000000008000514       0x78 ./Src/MCAL_Drivers/USART.o
                0x0000000008000514                USART_RecieveByteSynch
 .text.USART1_IRQHandler
                0x000000000800058c       0x20 ./Src/MCAL_Drivers/USART.o
                0x000000000800058c                USART1_IRQHandler
 .text.USART2_IRQHandler
                0x00000000080005ac       0x20 ./Src/MCAL_Drivers/USART.o
                0x00000000080005ac                USART2_IRQHandler
 .text.USART3_IRQHandler
                0x00000000080005cc       0x20 ./Src/MCAL_Drivers/USART.o
                0x00000000080005cc                USART3_IRQHandler
 .text.GPIO_Init
                0x00000000080005ec      0x224 ./Src/MCAL_Drivers/gpio.o
                0x00000000080005ec                GPIO_Init
 .text.GPIO_WritePinValue
                0x0000000008000810       0xc8 ./Src/MCAL_Drivers/gpio.o
                0x0000000008000810                GPIO_WritePinValue
 .text.main     0x00000000080008d8       0xb4 ./Src/main.o
                0x00000000080008d8                main
 .text.Reset_Handler
                0x000000000800098c       0x50 ./Startup/startup_stm32f103c8tx.o
                0x000000000800098c                Reset_Handler
 .text.Default_Handler
                0x00000000080009dc        0x2 ./Startup/startup_stm32f103c8tx.o
                0x00000000080009dc                TIM8_TRG_COM_IRQHandler
                0x00000000080009dc                TIM8_CC_IRQHandler
                0x00000000080009dc                DebugMon_Handler
                0x00000000080009dc                TIM1_CC_IRQHandler
                0x00000000080009dc                HardFault_Handler
                0x00000000080009dc                TIM6_IRQHandler
                0x00000000080009dc                PVD_IRQHandler
                0x00000000080009dc                SDIO_IRQHandler
                0x00000000080009dc                PendSV_Handler
                0x00000000080009dc                NMI_Handler
                0x00000000080009dc                USB_HP_CAN_TX_IRQHandler
                0x00000000080009dc                I2C2_EV_IRQHandler
                0x00000000080009dc                UsageFault_Handler
                0x00000000080009dc                ADC1_2_IRQHandler
                0x00000000080009dc                SPI1_IRQHandler
                0x00000000080009dc                CAN_SCE_IRQHandler
                0x00000000080009dc                TAMPER_IRQHandler
                0x00000000080009dc                TIM8_UP_IRQHandler
                0x00000000080009dc                DMA2_Channel2_IRQHandler
                0x00000000080009dc                DMA1_Channel4_IRQHandler
                0x00000000080009dc                RTC_IRQHandler
                0x00000000080009dc                DMA1_Channel7_IRQHandler
                0x00000000080009dc                UART5_IRQHandler
                0x00000000080009dc                ADC3_IRQHandler
                0x00000000080009dc                TIM4_IRQHandler
                0x00000000080009dc                CAN_RX1_IRQHandler
                0x00000000080009dc                DMA2_Channel1_IRQHandler
                0x00000000080009dc                I2C1_EV_IRQHandler
                0x00000000080009dc                DMA1_Channel6_IRQHandler
                0x00000000080009dc                UART4_IRQHandler
                0x00000000080009dc                TIM3_IRQHandler
                0x00000000080009dc                RCC_IRQHandler
                0x00000000080009dc                TIM1_TRG_COM_IRQHandler
                0x00000000080009dc                DMA1_Channel1_IRQHandler
                0x00000000080009dc                Default_Handler
                0x00000000080009dc                EXTI15_10_IRQHandler
                0x00000000080009dc                TIM7_IRQHandler
                0x00000000080009dc                TIM5_IRQHandler
                0x00000000080009dc                EXTI9_5_IRQHandler
                0x00000000080009dc                SPI2_IRQHandler
                0x00000000080009dc                USB_LP_CAN_RX0_IRQHandler
                0x00000000080009dc                MemManage_Handler
                0x00000000080009dc                SVC_Handler
                0x00000000080009dc                DMA1_Channel5_IRQHandler
                0x00000000080009dc                DMA1_Channel3_IRQHandler
                0x00000000080009dc                FSMC_IRQHandler
                0x00000000080009dc                TIM1_UP_IRQHandler
                0x00000000080009dc                WWDG_IRQHandler
                0x00000000080009dc                TIM2_IRQHandler
                0x00000000080009dc                TIM1_BRK_IRQHandler
                0x00000000080009dc                RTCAlarm_IRQHandler
                0x00000000080009dc                DMA2_Channel4_5_IRQHandler
                0x00000000080009dc                I2C2_ER_IRQHandler
                0x00000000080009dc                DMA1_Channel2_IRQHandler
                0x00000000080009dc                TIM8_BRK_IRQHandler
                0x00000000080009dc                FLASH_IRQHandler
                0x00000000080009dc                BusFault_Handler
                0x00000000080009dc                SPI3_IRQHandler
                0x00000000080009dc                I2C1_ER_IRQHandler
                0x00000000080009dc                DMA2_Channel3_IRQHandler
 *fill*         0x00000000080009de        0x2 
 .text.__libc_init_array
                0x00000000080009e0       0x48 F:/IMT/Workspace/ARM Install/STM IDE Install/STM32CubeIDE_1.13.2/STM32CubeIDE/plugins/com.st.stm32cube.ide.mcu.externaltools.gnu-tools-for-stm32.11.3.rel1.win32_1.1.1.202309131626/tools/bin/../lib/gcc/arm-none-eabi/11.3.1/../../../../arm-none-eabi/lib/thumb/v7-m/nofp\libc_nano.a(libc_a-init.o)
                0x00000000080009e0                __libc_init_array
 *(.glue_7)
 .glue_7        0x0000000008000a28        0x0 linker stubs
 *(.glue_7t)
 .glue_7t       0x0000000008000a28        0x0 linker stubs
 *(.eh_frame)
 .eh_frame      0x0000000008000a28        0x0 F:/IMT/Workspace/ARM Install/STM IDE Install/STM32CubeIDE_1.13.2/STM32CubeIDE/plugins/com.st.stm32cube.ide.mcu.externaltools.gnu-tools-for-stm32.11.3.rel1.win32_1.1.1.202309131626/tools/bin/../lib/gcc/arm-none-eabi/11.3.1/thumb/v7-m/nofp/crtbegin.o
 *(.init)
 .init          0x0000000008000a28        0x4 F:/IMT/Workspace/ARM Install/STM IDE Install/STM32CubeIDE_1.13.2/STM32CubeIDE/plugins/com.st.stm32cube.ide.mcu.externaltools.gnu-tools-for-stm32.11.3.rel1.win32_1.1.1.202309131626/tools/bin/../lib/gcc/arm-none-eabi/11.3.1/thumb/v7-m/nofp/crti.o
                0x0000000008000a28                _init
 .init          0x0000000008000a2c        0x8 F:/IMT/Workspace/ARM Install/STM IDE Install/STM32CubeIDE_1.13.2/STM32CubeIDE/plugins/com.st.stm32cube.ide.mcu.externaltools.gnu-tools-for-stm32.11.3.rel1.win32_1.1.1.202309131626/tools/bin/../lib/gcc/arm-none-eabi/11.3.1/thumb/v7-m/nofp/crtn.o
 *(.fini)
 .fini          0x0000000008000a34        0x4 F:/IMT/Workspace/ARM Install/STM IDE Install/STM32CubeIDE_1.13.2/STM32CubeIDE/plugins/com.st.stm32cube.ide.mcu.externaltools.gnu-tools-for-stm32.11.3.rel1.win32_1.1.1.202309131626/tools/bin/../lib/gcc/arm-none-eabi/11.3.1/thumb/v7-m/nofp/crti.o
                0x0000000008000a34                _fini
 .fini          0x0000000008000a38        0x8 F:/IMT/Workspace/ARM Install/STM IDE Install/STM32CubeIDE_1.13.2/STM32CubeIDE/plugins/com.st.stm32cube.ide.mcu.externaltools.gnu-tools-for-stm32.11.3.rel1.win32_1.1.1.202309131626/tools/bin/../lib/gcc/arm-none-eabi/11.3.1/thumb/v7-m/nofp/crtn.o
                0x0000000008000a40                . = ALIGN (0x4)
                0x0000000008000a40                _etext = .

.vfp11_veneer   0x0000000008000a40        0x0
 .vfp11_veneer  0x0000000008000a40        0x0 linker stubs

.v4_bx          0x0000000008000a40        0x0
 .v4_bx         0x0000000008000a40        0x0 linker stubs

.iplt           0x0000000008000a40        0x0
 .iplt          0x0000000008000a40        0x0 F:/IMT/Workspace/ARM Install/STM IDE Install/STM32CubeIDE_1.13.2/STM32CubeIDE/plugins/com.st.stm32cube.ide.mcu.externaltools.gnu-tools-for-stm32.11.3.rel1.win32_1.1.1.202309131626/tools/bin/../lib/gcc/arm-none-eabi/11.3.1/thumb/v7-m/nofp/crtbegin.o

.rel.dyn        0x0000000008000a40        0x0
 .rel.iplt      0x0000000008000a40        0x0 F:/IMT/Workspace/ARM Install/STM IDE Install/STM32CubeIDE_1.13.2/STM32CubeIDE/plugins/com.st.stm32cube.ide.mcu.externaltools.gnu-tools-for-stm32.11.3.rel1.win32_1.1.1.202309131626/tools/bin/../lib/gcc/arm-none-eabi/11.3.1/thumb/v7-m/nofp/crtbegin.o

.rodata         0x0000000008000a40        0x0
                0x0000000008000a40                . = ALIGN (0x4)
 *(.rodata)
 *(.rodata*)
                0x0000000008000a40                . = ALIGN (0x4)

.ARM.extab      0x0000000008000a40        0x0
                0x0000000008000a40                . = ALIGN (0x4)
 *(.ARM.extab* .gnu.linkonce.armextab.*)
                0x0000000008000a40                . = ALIGN (0x4)

.ARM            0x0000000008000a40        0x0
                0x0000000008000a40                . = ALIGN (0x4)
                0x0000000008000a40                __exidx_start = .
 *(.ARM.exidx*)
                0x0000000008000a40                __exidx_end = .
                0x0000000008000a40                . = ALIGN (0x4)

.preinit_array  0x0000000008000a40        0x0
                0x0000000008000a40                . = ALIGN (0x4)
                0x0000000008000a40                PROVIDE (__preinit_array_start = .)
 *(.preinit_array*)
                0x0000000008000a40                PROVIDE (__preinit_array_end = .)
                0x0000000008000a40                . = ALIGN (0x4)

.init_array     0x0000000008000a40        0x4
                0x0000000008000a40                . = ALIGN (0x4)
                0x0000000008000a40                PROVIDE (__init_array_start = .)
 *(SORT_BY_NAME(.init_array.*))
 *(.init_array*)
 .init_array    0x0000000008000a40        0x4 F:/IMT/Workspace/ARM Install/STM IDE Install/STM32CubeIDE_1.13.2/STM32CubeIDE/plugins/com.st.stm32cube.ide.mcu.externaltools.gnu-tools-for-stm32.11.3.rel1.win32_1.1.1.202309131626/tools/bin/../lib/gcc/arm-none-eabi/11.3.1/thumb/v7-m/nofp/crtbegin.o
                0x0000000008000a44                PROVIDE (__init_array_end = .)
                0x0000000008000a44                . = ALIGN (0x4)

.fini_array     0x0000000008000a44        0x4
                0x0000000008000a44                . = ALIGN (0x4)
                [!provide]                        PROVIDE (__fini_array_start = .)
 *(SORT_BY_NAME(.fini_array.*))
 *(.fini_array*)
 .fini_array    0x0000000008000a44        0x4 F:/IMT/Workspace/ARM Install/STM IDE Install/STM32CubeIDE_1.13.2/STM32CubeIDE/plugins/com.st.stm32cube.ide.mcu.externaltools.gnu-tools-for-stm32.11.3.rel1.win32_1.1.1.202309131626/tools/bin/../lib/gcc/arm-none-eabi/11.3.1/thumb/v7-m/nofp/crtbegin.o
                [!provide]                        PROVIDE (__fini_array_end = .)
                0x0000000008000a48                . = ALIGN (0x4)
                0x0000000008000a48                _sidata = LOADADDR (.data)

.data           0x0000000020000000        0x0 load address 0x0000000008000a48
                0x0000000020000000                . = ALIGN (0x4)
                0x0000000020000000                _sdata = .
 *(.data)
 *(.data*)
 *(.RamFunc)
 *(.RamFunc*)
                0x0000000020000000                . = ALIGN (0x4)
                0x0000000020000000                _edata = .

.igot.plt       0x0000000020000000        0x0 load address 0x0000000008000a48
 .igot.plt      0x0000000020000000        0x0 F:/IMT/Workspace/ARM Install/STM IDE Install/STM32CubeIDE_1.13.2/STM32CubeIDE/plugins/com.st.stm32cube.ide.mcu.externaltools.gnu-tools-for-stm32.11.3.rel1.win32_1.1.1.202309131626/tools/bin/../lib/gcc/arm-none-eabi/11.3.1/thumb/v7-m/nofp/crtbegin.o
                0x0000000020000000                . = ALIGN (0x4)

.bss            0x0000000020000000       0x70 load address 0x0000000008000a48
                0x0000000020000000                _sbss = .
                0x0000000020000000                __bss_start__ = _sbss
 *(.bss)
 .bss           0x0000000020000000       0x1c F:/IMT/Workspace/ARM Install/STM IDE Install/STM32CubeIDE_1.13.2/STM32CubeIDE/plugins/com.st.stm32cube.ide.mcu.externaltools.gnu-tools-for-stm32.11.3.rel1.win32_1.1.1.202309131626/tools/bin/../lib/gcc/arm-none-eabi/11.3.1/thumb/v7-m/nofp/crtbegin.o
 *(.bss*)
 .bss.PtrCallBack
                0x000000002000001c        0x4 ./Src/CortexM3/CortexM3_SysTick.o
 .bss.Mode_status
                0x0000000020000020        0x4 ./Src/CortexM3/CortexM3_SysTick.o
                0x0000000020000020                Mode_status
 .bss.Pf_callBack
                0x0000000020000024       0x40 ./Src/MCAL_Drivers/EXTI.o
 .bss.USART1_CallBack
                0x0000000020000064        0x4 ./Src/MCAL_Drivers/USART.o
 .bss.USART2_CallBack
                0x0000000020000068        0x4 ./Src/MCAL_Drivers/USART.o
 .bss.USART3_CallBack
                0x000000002000006c        0x4 ./Src/MCAL_Drivers/USART.o
 *(COMMON)
                0x0000000020000070                . = ALIGN (0x4)
                0x0000000020000070                _ebss = .
                0x0000000020000070                __bss_end__ = _ebss

._user_heap_stack
                0x0000000020000070      0x600 load address 0x0000000008000a48
                0x0000000020000070                . = ALIGN (0x8)
                [!provide]                        PROVIDE (end = .)
                0x0000000020000070                PROVIDE (_end = .)
                0x0000000020000270                . = (. + _Min_Heap_Size)
 *fill*         0x0000000020000070      0x200 
                0x0000000020000670                . = (. + _Min_Stack_Size)
 *fill*         0x0000000020000270      0x400 
                0x0000000020000670                . = ALIGN (0x8)

/DISCARD/
 libc.a(*)
 libm.a(*)
 libgcc.a(*)

.ARM.attributes
                0x0000000000000000       0x29
 *(.ARM.attributes)
 .ARM.attributes
                0x0000000000000000       0x1d F:/IMT/Workspace/ARM Install/STM IDE Install/STM32CubeIDE_1.13.2/STM32CubeIDE/plugins/com.st.stm32cube.ide.mcu.externaltools.gnu-tools-for-stm32.11.3.rel1.win32_1.1.1.202309131626/tools/bin/../lib/gcc/arm-none-eabi/11.3.1/thumb/v7-m/nofp/crti.o
 .ARM.attributes
                0x000000000000001d       0x2d F:/IMT/Workspace/ARM Install/STM IDE Install/STM32CubeIDE_1.13.2/STM32CubeIDE/plugins/com.st.stm32cube.ide.mcu.externaltools.gnu-tools-for-stm32.11.3.rel1.win32_1.1.1.202309131626/tools/bin/../lib/gcc/arm-none-eabi/11.3.1/thumb/v7-m/nofp/crtbegin.o
 .ARM.attributes
                0x000000000000004a       0x2d ./Src/CortexM3/CortexM3_SysTick.o
 .ARM.attributes
                0x0000000000000077       0x2d ./Src/MCAL_Drivers/EXTI.o
 .ARM.attributes
                0x00000000000000a4       0x2d ./Src/MCAL_Drivers/STM32F103C8T6_RCC.o
 .ARM.attributes
                0x00000000000000d1       0x2d ./Src/MCAL_Drivers/USART.o
 .ARM.attributes
                0x00000000000000fe       0x2d ./Src/MCAL_Drivers/gpio.o
 .ARM.attributes
                0x000000000000012b       0x2d ./Src/main.o
 .ARM.attributes
                0x0000000000000158       0x21 ./Startup/startup_stm32f103c8tx.o
 .ARM.attributes
                0x0000000000000179       0x2d F:/IMT/Workspace/ARM Install/STM IDE Install/STM32CubeIDE_1.13.2/STM32CubeIDE/plugins/com.st.stm32cube.ide.mcu.externaltools.gnu-tools-for-stm32.11.3.rel1.win32_1.1.1.202309131626/tools/bin/../lib/gcc/arm-none-eabi/11.3.1/../../../../arm-none-eabi/lib/thumb/v7-m/nofp\libc_nano.a(libc_a-init.o)
 .ARM.attributes
                0x00000000000001a6       0x1d F:/IMT/Workspace/ARM Install/STM IDE Install/STM32CubeIDE_1.13.2/STM32CubeIDE/plugins/com.st.stm32cube.ide.mcu.externaltools.gnu-tools-for-stm32.11.3.rel1.win32_1.1.1.202309131626/tools/bin/../lib/gcc/arm-none-eabi/11.3.1/thumb/v7-m/nofp/crtn.o
OUTPUT(Communication_Car_Slave.elf elf32-littlearm)
LOAD linker stubs
LOAD F:/IMT/Workspace/ARM Install/STM IDE Install/STM32CubeIDE_1.13.2/STM32CubeIDE/plugins/com.st.stm32cube.ide.mcu.externaltools.gnu-tools-for-stm32.11.3.rel1.win32_1.1.1.202309131626/tools/bin/../lib/gcc/arm-none-eabi/11.3.1/../../../../arm-none-eabi/lib/thumb/v7-m/nofp\libc.a
LOAD F:/IMT/Workspace/ARM Install/STM IDE Install/STM32CubeIDE_1.13.2/STM32CubeIDE/plugins/com.st.stm32cube.ide.mcu.externaltools.gnu-tools-for-stm32.11.3.rel1.win32_1.1.1.202309131626/tools/bin/../lib/gcc/arm-none-eabi/11.3.1/../../../../arm-none-eabi/lib/thumb/v7-m/nofp\libm.a
LOAD F:/IMT/Workspace/ARM Install/STM IDE Install/STM32CubeIDE_1.13.2/STM32CubeIDE/plugins/com.st.stm32cube.ide.mcu.externaltools.gnu-tools-for-stm32.11.3.rel1.win32_1.1.1.202309131626/tools/bin/../lib/gcc/arm-none-eabi/11.3.1/thumb/v7-m/nofp\libgcc.a

.comment        0x0000000000000000       0x43
 .comment       0x0000000000000000       0x43 F:/IMT/Workspace/ARM Install/STM IDE Install/STM32CubeIDE_1.13.2/STM32CubeIDE/plugins/com.st.stm32cube.ide.mcu.externaltools.gnu-tools-for-stm32.11.3.rel1.win32_1.1.1.202309131626/tools/bin/../lib/gcc/arm-none-eabi/11.3.1/thumb/v7-m/nofp/crtbegin.o
                                         0x44 (size before relaxing)
 .comment       0x0000000000000043       0x44 ./Src/CortexM3/CortexM3_SysTick.o
 .comment       0x0000000000000043       0x44 ./Src/MCAL_Drivers/EXTI.o
 .comment       0x0000000000000043       0x44 ./Src/MCAL_Drivers/STM32F103C8T6_RCC.o
 .comment       0x0000000000000043       0x44 ./Src/MCAL_Drivers/USART.o
 .comment       0x0000000000000043       0x44 ./Src/MCAL_Drivers/gpio.o
 .comment       0x0000000000000043       0x44 ./Src/main.o

.debug_info     0x0000000000000000      0xee2
 .debug_info    0x0000000000000000      0x186 ./Src/CortexM3/CortexM3_SysTick.o
 .debug_info    0x0000000000000186      0x33d ./Src/MCAL_Drivers/EXTI.o
 .debug_info    0x00000000000004c3      0x27a ./Src/MCAL_Drivers/STM32F103C8T6_RCC.o
 .debug_info    0x000000000000073d      0x380 ./Src/MCAL_Drivers/USART.o
 .debug_info    0x0000000000000abd      0x23e ./Src/MCAL_Drivers/gpio.o
 .debug_info    0x0000000000000cfb      0x1c4 ./Src/main.o
 .debug_info    0x0000000000000ebf       0x23 ./Startup/startup_stm32f103c8tx.o

.debug_abbrev   0x0000000000000000      0x717
 .debug_abbrev  0x0000000000000000      0x11d ./Src/CortexM3/CortexM3_SysTick.o
 .debug_abbrev  0x000000000000011d      0x136 ./Src/MCAL_Drivers/EXTI.o
 .debug_abbrev  0x0000000000000253       0xf8 ./Src/MCAL_Drivers/STM32F103C8T6_RCC.o
 .debug_abbrev  0x000000000000034b      0x1f4 ./Src/MCAL_Drivers/USART.o
 .debug_abbrev  0x000000000000053f       0xf6 ./Src/MCAL_Drivers/gpio.o
 .debug_abbrev  0x0000000000000635       0xd0 ./Src/main.o
 .debug_abbrev  0x0000000000000705       0x12 ./Startup/startup_stm32f103c8tx.o

.debug_aranges  0x0000000000000000      0x230
 .debug_aranges
                0x0000000000000000       0x48 ./Src/CortexM3/CortexM3_SysTick.o
 .debug_aranges
                0x0000000000000048       0x70 ./Src/MCAL_Drivers/EXTI.o
 .debug_aranges
                0x00000000000000b8       0x68 ./Src/MCAL_Drivers/STM32F103C8T6_RCC.o
 .debug_aranges
                0x0000000000000120       0x88 ./Src/MCAL_Drivers/USART.o
 .debug_aranges
                0x00000000000001a8       0x40 ./Src/MCAL_Drivers/gpio.o
 .debug_aranges
                0x00000000000001e8       0x20 ./Src/main.o
 .debug_aranges
                0x0000000000000208       0x28 ./Startup/startup_stm32f103c8tx.o

.debug_rnglists
                0x0000000000000000      0x18f
 .debug_rnglists
                0x0000000000000000       0x31 ./Src/CortexM3/CortexM3_SysTick.o
 .debug_rnglists
                0x0000000000000031       0x51 ./Src/MCAL_Drivers/EXTI.o
 .debug_rnglists
                0x0000000000000082       0x4a ./Src/MCAL_Drivers/STM32F103C8T6_RCC.o
 .debug_rnglists
                0x00000000000000cc       0x67 ./Src/MCAL_Drivers/USART.o
 .debug_rnglists
                0x0000000000000133       0x2f ./Src/MCAL_Drivers/gpio.o
 .debug_rnglists
                0x0000000000000162       0x14 ./Src/main.o
 .debug_rnglists
                0x0000000000000176       0x19 ./Startup/startup_stm32f103c8tx.o

.debug_macro    0x0000000000000000      0x766
 .debug_macro   0x0000000000000000       0x32 ./Src/CortexM3/CortexM3_SysTick.o
 .debug_macro   0x0000000000000032       0x9a ./Src/CortexM3/CortexM3_SysTick.o
 .debug_macro   0x00000000000000cc       0x32 ./Src/MCAL_Drivers/EXTI.o
 .debug_macro   0x00000000000000fe       0x1c ./Src/MCAL_Drivers/EXTI.o
 .debug_macro   0x000000000000011a       0x32 ./Src/MCAL_Drivers/STM32F103C8T6_RCC.o
 .debug_macro   0x000000000000014c      0x100 ./Src/MCAL_Drivers/STM32F103C8T6_RCC.o
 .debug_macro   0x000000000000024c       0x2c ./Src/MCAL_Drivers/USART.o
 .debug_macro   0x0000000000000278       0x7c ./Src/MCAL_Drivers/USART.o
 .debug_macro   0x00000000000002f4       0x32 ./Src/MCAL_Drivers/gpio.o
 .debug_macro   0x0000000000000326       0xee ./Src/MCAL_Drivers/gpio.o
 .debug_macro   0x0000000000000414       0x68 ./Src/main.o
 .debug_macro   0x000000000000047c       0x2e ./Src/main.o
 .debug_macro   0x00000000000004aa       0xa0 ./Src/main.o
 .debug_macro   0x000000000000054a       0x22 ./Src/main.o
 .debug_macro   0x000000000000056c       0xf4 ./Src/main.o
 .debug_macro   0x0000000000000660      0x106 ./Src/main.o

.debug_line     0x0000000000000000      0xf38
 .debug_line    0x0000000000000000      0x188 ./Src/CortexM3/CortexM3_SysTick.o
 .debug_line    0x0000000000000188      0x29f ./Src/MCAL_Drivers/EXTI.o
 .debug_line    0x0000000000000427      0x21a ./Src/MCAL_Drivers/STM32F103C8T6_RCC.o
 .debug_line    0x0000000000000641      0x4a5 ./Src/MCAL_Drivers/USART.o
 .debug_line    0x0000000000000ae6      0x2b1 ./Src/MCAL_Drivers/gpio.o
 .debug_line    0x0000000000000d97      0x126 ./Src/main.o
 .debug_line    0x0000000000000ebd       0x7b ./Startup/startup_stm32f103c8tx.o

.debug_str      0x0000000000000000     0x4556
 .debug_str     0x0000000000000000     0x33ab ./Src/CortexM3/CortexM3_SysTick.o
                                       0x33e4 (size before relaxing)
 .debug_str     0x00000000000033ab      0x2f9 ./Src/MCAL_Drivers/EXTI.o
                                       0x3218 (size before relaxing)
 .debug_str     0x00000000000036a4      0x5e1 ./Src/MCAL_Drivers/STM32F103C8T6_RCC.o
                                       0x34e6 (size before relaxing)
 .debug_str     0x0000000000003c85      0x3af ./Src/MCAL_Drivers/USART.o
                                       0x32c1 (size before relaxing)
 .debug_str     0x0000000000004034      0x339 ./Src/MCAL_Drivers/gpio.o
                                       0x3250 (size before relaxing)
 .debug_str     0x000000000000436d      0x1ba ./Src/main.o
                                       0x3ebe (size before relaxing)
 .debug_str     0x0000000000004527       0x2f ./Startup/startup_stm32f103c8tx.o
                                         0x70 (size before relaxing)

.debug_frame    0x0000000000000000      0x748
 .debug_frame   0x0000000000000000       0xe0 ./Src/CortexM3/CortexM3_SysTick.o
 .debug_frame   0x00000000000000e0      0x18c ./Src/MCAL_Drivers/EXTI.o
 .debug_frame   0x000000000000026c      0x190 ./Src/MCAL_Drivers/STM32F103C8T6_RCC.o
 .debug_frame   0x00000000000003fc      0x214 ./Src/MCAL_Drivers/USART.o
 .debug_frame   0x0000000000000610       0xdc ./Src/MCAL_Drivers/gpio.o
 .debug_frame   0x00000000000006ec       0x30 ./Src/main.o
 .debug_frame   0x000000000000071c       0x2c F:/IMT/Workspace/ARM Install/STM IDE Install/STM32CubeIDE_1.13.2/STM32CubeIDE/plugins/com.st.stm32cube.ide.mcu.externaltools.gnu-tools-for-stm32.11.3.rel1.win32_1.1.1.202309131626/tools/bin/../lib/gcc/arm-none-eabi/11.3.1/../../../../arm-none-eabi/lib/thumb/v7-m/nofp\libc_nano.a(libc_a-init.o)

.debug_line_str
                0x0000000000000000       0x64
 .debug_line_str
                0x0000000000000000       0x64 ./Startup/startup_stm32f103c8tx.o
                                         0x7c (size before relaxing)
